{
    tag = PARSE_NODE_OPERATOR
    operator = "="
    left = {
        tag = PARSE_NODE_IDENTIFIER
        token = tgt
    }
    right = {
        tag = PARSE_NODE_OPERATOR
        operator = +
        left = {
            tag = PARSE_NODE_IDENTIFIER
            token = src1
        }
        right = {
            tag = PARSE_NODE_IDENTIFIER
            token = src2
        }
    }
}

// C Output
(tgt=(src1+src2))
