{
    tag = PARSE_NODE_LITERAL
    tokens = [
        1.2E+1f
    ]
}

// C Output
1.2E+1f
