{
    tag = PARSE_NODE_LITERAL
    tokens = [
        1.0F
    ]
}

// C Output
1.0F
