{
    tag = PARSE_NODE_OPERATOR
    operator = sizeof
    right = {
        tag = PARSE_NODE_IDENTIFIER
        token = uint64_t
    }
}

// C Output
(sizeof(uint64_t))
