{
    tag = PARSE_NODE_VARIABLE_DEFINITION
    name = buf
    type = {
        tag = PARSE_NODE_TYPE
        type_node_kind = TYPE_NODE_KIND_PRIMITIVE_TYPENAME
        type_name = char
        type_args = [
        ]
    }
}

// C Output
char buf[4096];

