{
    tag = PARSE_NODE_BLOCK
    statements = [
    ]
}

// C Output
{
}

