{
    tag = PARSE_NODE_VARIABLE_DEFINITION
    name = stdin_pipe
    type = {
        tag = PARSE_NODE_TYPE
        type_node_kind = TYPE_NODE_KIND_PRIMITIVE_TYPENAME
        type_name = int
        type_args = [
        ]
    }
    value = {
        tag = PARSE_NODE_BALANCED_CONSTRUCT
        start_token = "{"
        end_token = "}"
    }
    suffixes = [
        {
            tag = PARSE_NODE_BALANCED_CONSTRUCT
            start_token = "["
            end_token = "]"
        }
    ]
}

// C Output
int stdin_pipe[2] = {0};

