{
    tag = PARSE_NODE_EXPRESSION_STATEMENT
    expression = {
        tag = PARSE_NODE_LITERAL
        tokens = [
            "1"
        ]
    }
}

// C Output
1;

