{
    tag = PARSE_NODE_EXPRESSION_STATEMENT
    expression = {
        tag = PARSE_NODE_OPERATOR
        operator = "="
        left = {
            tag = PARSE_NODE_IDENTIFIER
            token = v
        }
        right = {
            tag = PARSE_NODE_OPERATOR
            operator = *
            right = {
                tag = PARSE_NODE_OPERATOR
                operator = ++
                left = {
                    tag = PARSE_NODE_IDENTIFIER
                    token = pos
                }
            }
        }
    }
}

// C Output
(v=(*(pos++)));

