{
    tag = PARSE_NODE_RETURN_STATEMENT
    expression = {
        tag = PARSE_NODE_LITERAL
        tokens = [
            "1"
        ]
    }
}

// C Output
return 1;

