{
    tag = PARSE_NODE_RETURN_STATEMENT
}

// C Output
return;

