{
    tag = PARSE_NODE_EXPRESSION_STATEMENT
    expression = {
        tag = PARSE_NODE_LITERAL
        tokens = [
            ""Hello""
        ]
    }
}

// C Output
"Hello";

