{
    tag = PARSE_NODE_LITERAL
    tokens = [
        "1"
    ]
}

