{
    tag = PARSE_NODE_OPERATOR
    operator = "++"
    left = {
        tag = PARSE_NODE_IDENTIFIER
        token = a
    }
}

// C Output
(a++)
