{
    tag = PARSE_NODE_OPERATOR
    operator = "!"
    right = {
        tag = PARSE_NODE_IDENTIFIER
        token = a
    }
}

