{
    tag = PARSE_NODE_BREAK_STATEMENT
    break_keyword_token = break
}

// C Output
break;

